Change Value of Parameter PartNumber in Part J? Old=USB4081-03-A New=USB4105-GF-A
Added Parameter Case/Package=D2PAK to Part Q?
Added Parameter Case/Package=D2PAK to Part Q?
Added Parameter Case/Package=D2PAK to Part Q?
Added Parameter Case/Package=D2PAK to Part Q?
Added Parameter Continuous Drain Current (ID)=-120A to Part Q?
Added Parameter Continuous Drain Current (ID)=-120A to Part Q?
Added Parameter Continuous Drain Current (ID)=-120A to Part Q?
Added Parameter Continuous Drain Current (ID)=-120A to Part Q?
Added Parameter Drain to Source Breakdown Voltage=-100V to Part Q?
Added Parameter Drain to Source Breakdown Voltage=-100V to Part Q?
Added Parameter Drain to Source Breakdown Voltage=-100V to Part Q?
Added Parameter Drain to Source Breakdown Voltage=-100V to Part Q?
Added Parameter Drain to Source Resistance=8.1mΩ to Part Q?
Added Parameter Drain to Source Resistance=8.1mΩ to Part Q?
Added Parameter Drain to Source Resistance=8.1mΩ to Part Q?
Added Parameter Drain to Source Resistance=8.1mΩ to Part Q?
Added Parameter Drain to Source Voltage (Vdss)=-100V to Part Q?
Added Parameter Drain to Source Voltage (Vdss)=-100V to Part Q?
Added Parameter Drain to Source Voltage (Vdss)=-100V to Part Q?
Added Parameter Drain to Source Voltage (Vdss)=-100V to Part Q?
Added Parameter Gate to Source Voltage (Vgs)=20V to Part Q?
Added Parameter Gate to Source Voltage (Vgs)=20V to Part Q?
Added Parameter Gate to Source Voltage (Vgs)=20V to Part Q?
Added Parameter Gate to Source Voltage (Vgs)=20V to Part Q?
Added Parameter Height=5.08mm to Part Q?
Added Parameter Height=5.08mm to Part Q?
Added Parameter Height=5.08mm to Part Q?
Added Parameter Height=5.08mm to Part Q?
Added Parameter Max Junction Temperature (Tj)=175°C to Part Q?
Added Parameter Max Junction Temperature (Tj)=175°C to Part Q?
Added Parameter Max Junction Temperature (Tj)=175°C to Part Q?
Added Parameter Max Junction Temperature (Tj)=175°C to Part Q?
Added Parameter Max Operating Temperature=175°C to Part Q?
Added Parameter Max Operating Temperature=175°C to Part Q?
Added Parameter Max Operating Temperature=175°C to Part Q?
Added Parameter Max Operating Temperature=175°C to Part Q?
Added Parameter Min Operating Temperature=-55°C to Part Q?
Added Parameter Min Operating Temperature=-55°C to Part Q?
Added Parameter Min Operating Temperature=-55°C to Part Q?
Added Parameter Min Operating Temperature=-55°C to Part Q?
Added Parameter Pins=3 to Part Q?
Added Parameter Pins=3 to Part Q?
Added Parameter Pins=3 to Part Q?
Added Parameter Pins=3 to Part Q?
Added Parameter Power Dissipation=375W to Part Q?
Added Parameter Power Dissipation=375W to Part Q?
Added Parameter Power Dissipation=375W to Part Q?
Added Parameter Power Dissipation=375W to Part Q?
Added Parameter Turn-Off Delay Time=120ns to Part Q?
Added Parameter Turn-Off Delay Time=120ns to Part Q?
Added Parameter Turn-Off Delay Time=120ns to Part Q?
Added Parameter Turn-Off Delay Time=120ns to Part Q?
Added Parameter Turn-On Delay Time=20ns to Part Q?
Added Parameter Turn-On Delay Time=20ns to Part Q?
Added Parameter Turn-On Delay Time=20ns to Part Q?
Added Parameter Turn-On Delay Time=20ns to Part Q?
Update Managed Component D? From CMP-004-00035-3[MN-DIO-SS14FL-TP] To CMP-004-00035-3[MN-DIO-SS14FL-TP] in Reference_Layout.SchDoc
Update Managed Component J? From CMP-002-00089-4[MN-CON-USB-USB4105-GF-A] To CMP-002-00089-4[MN-CON-USB-USB4105-GF-A] in Reference_Layout.SchDoc
Update Managed Component Q100 From CMP-044-000000-6[MN-TRN-MOSFET-P_CH-100V-120A-SQM120P10_10M1LGE3] To CMP-044-000000-6[MN-TRN-MOSFET-P_CH-100V-120A-SQM120P10_10M1LGE3] in Reference_Layout.SchDoc
Update Managed Component Q101 From CMP-044-000000-6[MN-TRN-MOSFET-P_CH-100V-120A-SQM120P10_10M1LGE3] To CMP-044-000000-6[MN-TRN-MOSFET-P_CH-100V-120A-SQM120P10_10M1LGE3] in Reference_Layout.SchDoc
Update Managed Component Q? From CMP-044-000000-6[MN-TRN-MOSFET-P_CH-100V-120A-SQM120P10_10M1LGE3] To CMP-044-000000-6[MN-TRN-MOSFET-P_CH-100V-120A-SQM120P10_10M1LGE3] in Reference_Layout.SchDoc
Update Managed Component Q? From CMP-044-000000-6[MN-TRN-MOSFET-P_CH-100V-120A-SQM120P10_10M1LGE3] To CMP-044-000000-6[MN-TRN-MOSFET-P_CH-100V-120A-SQM120P10_10M1LGE3] in Reference_Layout.SchDoc
Update Managed Component Q? From CMP-044-000000-6[MN-TRN-MOSFET-P_CH-100V-120A-SQM120P10_10M1LGE3] To CMP-044-000000-6[MN-TRN-MOSFET-P_CH-100V-120A-SQM120P10_10M1LGE3] in Reference_Layout.SchDoc
Update Managed Component Q? From CMP-044-000000-6[MN-TRN-MOSFET-P_CH-100V-120A-SQM120P10_10M1LGE3] To CMP-044-000000-6[MN-TRN-MOSFET-P_CH-100V-120A-SQM120P10_10M1LGE3] in Reference_Layout.SchDoc
Update Managed Component U102 From CMP-019-00055-3[MN-IC-PWR-TPS56428DDAR] To CMP-019-00055-3[MN-IC-PWR-TPS56428DDAR] in Reference_Layout.SchDoc
Update Managed Component U? From CMP-001-0001-2[MN-SOM-GNS-L76K] To CMP-001-0001-2[MN-SOM-GNS-L76K] in Reference_Layout.SchDoc
Update Managed Component U? From CMP-001-0001-2[MN-SOM-GNS-L76K] To CMP-001-0001-2[MN-SOM-GNS-L76K] in Reference_Layout.SchDoc
