Added Parameter Case Code (Imperial)=0805 to Part D?
Added Parameter Case Code (Imperial)=0805 to Part D?
Added Parameter Case Code (Imperial)=0805 to Part D?
Added Parameter Case Code (Imperial)=0805 to Part D?
Added Parameter Case Code (Metric)=2012 to Part D?
Added Parameter Case Code (Metric)=2012 to Part D?
Added Parameter Case Code (Metric)=2012 to Part D?
Added Parameter Case Code (Metric)=2012 to Part D?
Added Parameter Case/Package=0805 to Part D?
Added Parameter Case/Package=0805 to Part D?
Added Parameter Case/Package=0805 to Part D?
Added Parameter Case/Package=0805 to Part D?
Added Parameter Color=Red to Part D?
Added Parameter Color=Red to Part D?
Added Parameter Color=Red to Part D?
Added Parameter Color=Red to Part D?
Added Parameter Forward Current=30mA to Part D?
Added Parameter Forward Current=30mA to Part D?
Added Parameter Forward Current=30mA to Part D?
Added Parameter Forward Current=30mA to Part D?
Added Parameter Forward Voltage=2.5V to Part D?
Added Parameter Forward Voltage=2.5V to Part D?
Added Parameter Forward Voltage=2.5V to Part D?
Added Parameter Forward Voltage=2.5V to Part D?
Added Parameter Height=750µm to Part D?
Added Parameter Height=750µm to Part D?
Added Parameter Height=750µm to Part D?
Added Parameter Height=750µm to Part D?
Added Parameter Illumination Color=Red to Part D?
Added Parameter Illumination Color=Red to Part D?
Added Parameter Illumination Color=Red to Part D?
Added Parameter Illumination Color=Red to Part D?
Added Parameter Length=2mm to Part D?
Added Parameter Length=2mm to Part D?
Added Parameter Length=2mm to Part D?
Added Parameter Length=2mm to Part D?
Added Parameter Lens Style=Clear to Part D?
Added Parameter Lens Style=Clear to Part D?
Added Parameter Lens Style=Clear to Part D?
Added Parameter Lens Style=Clear to Part D?
Added Parameter Luminous Intensity=150mcd to Part D?
Added Parameter Luminous Intensity=150mcd to Part D?
Added Parameter Luminous Intensity=150mcd to Part D?
Added Parameter Luminous Intensity=150mcd to Part D?
Added Parameter Mounting Technology=Surface Mount to Part D?
Added Parameter Mounting Technology=Surface Mount to Part D?
Added Parameter Mounting Technology=Surface Mount to Part D?
Added Parameter Mounting Technology=Surface Mount to Part D?
Added Parameter Peak Wavelength=650nm to Part D?
Added Parameter Peak Wavelength=650nm to Part D?
Added Parameter Peak Wavelength=650nm to Part D?
Added Parameter Peak Wavelength=650nm to Part D?
Added Parameter Power Rating=75mW to Part D?
Added Parameter Power Rating=75mW to Part D?
Added Parameter Power Rating=75mW to Part D?
Added Parameter Power Rating=75mW to Part D?
Added Parameter Terminal Pitch=2.35mm to Part D?
Added Parameter Terminal Pitch=2.35mm to Part D?
Added Parameter Terminal Pitch=2.35mm to Part D?
Added Parameter Terminal Pitch=2.35mm to Part D?
Added Parameter Viewing Angle=120° to Part D?
Added Parameter Viewing Angle=120° to Part D?
Added Parameter Viewing Angle=120° to Part D?
Added Parameter Viewing Angle=120° to Part D?
Added Parameter Wavelength=635nm to Part D?
Added Parameter Wavelength=635nm to Part D?
Added Parameter Wavelength=635nm to Part D?
Added Parameter Wavelength=635nm to Part D?
Added Parameter Width=1.25mm to Part D?
Added Parameter Width=1.25mm to Part D?
Added Parameter Width=1.25mm to Part D?
Added Parameter Width=1.25mm to Part D?
Update Managed Component D? From CMP-039-000000-10[MN-LED-0805-RED] To CMP-039-000000-10[MN-LED-0805-RED] in Reference.SchDoc
Update Managed Component D? From CMP-039-000000-10[MN-LED-0805-RED] To CMP-039-000000-10[MN-LED-0805-RED] in Reference.SchDoc
Update Managed Component D? From CMP-039-000000-10[MN-LED-0805-RED] To CMP-039-000000-10[MN-LED-0805-RED] in Reference.SchDoc
Update Managed Component D? From CMP-039-000000-10[MN-LED-0805-RED] To CMP-039-000000-10[MN-LED-0805-RED] in Reference.SchDoc
